===Cpp2IL by Samboy063===
A Tool to Reverse Unity's "il2cpp" Build Process.
Version 2022.1.0-pre-release.21+58fc404ac503f4e512055cafc48c03088fc6e224

[Warn] [Program] NO_COLOR set, disabling ANSI color codes as you requested.
[Info] [Program] Running on Unix
[Info] [Plugins] Loading plugins from /Users/panfeng/code/robosen-k1/Plugins...
[Info] [Plugins] Using Plugin: Cpp2IL Built-In
[Warn] [Program] Using force options, I sure hope you know what you're doing!
[Info] [Library] Initializing Metadata...
[Info] [Library] 	Using actual IL2CPP Metadata version 39
[Info] [Library] Initialized Metadata in 204ms
[Info] [Library] Using binary type ELF (from LibCpp2IL)
[Info] [Library] Searching Binary for Required Data...
[Info] [Library] Got Binary codereg: 0x43901E0, metareg: 0x453AF08 in 773ms.
[Info] [Library] Initializing Binary...
[Info] [Library] Initialized Binary in 69ms
[Info] [Library] Mapping pointers to Il2CppMethodDefinitions...Processed 96834 OK (121ms)
[Info] [Program] Creating application model...
[Info] [Program] Application model created in 2828.595ms
[Info] [Program] Pre-processing processing layers...
[Info] [Program]     Attribute Injector...
[Info] [Program]     Attribute Injector finished in 0.058ms
[Info] [Program] Invoking processing layers...
[Info] [Program]     Attribute Injector...
[Info] [Program]     Attribute Injector finished in 257.33ms
[Info] [Program] Outputting as DLL output format for backwards compatibility. to /Users/panfeng/code/robosen-k1/analysis/dummydll/control-source...
[Info] [Program] Finished outputting in 3367.615ms
[Info] [Program] Done. Total execution time: 7652.822ms
